// Jest Snapshot v1, https://goo.gl/fbAQLP

exports[`test navBar component should render correct snapshot 1`] = `[Function]`;
